// Jest Snapshot v1, https://goo.gl/fbAQLP

exports[`<Posts /> should match snapshot 1`] = `
<div
  class="posts"
>
  <div
    class="post"
  >
    <img />
    <div
      class="post-content"
    >
      <h3>
         
      </h3>
      <p />
    </div>
  </div>
  <div
    class="post"
  >
    <img />
    <div
      class="post-content"
    >
      <h3>
         
      </h3>
      <p />
    </div>
  </div>
  <div
    class="post"
  >
    <img />
    <div
      class="post-content"
    >
      <h3>
         
      </h3>
      <p />
    </div>
  </div>
</div>
`;
